  Determining projects to restore...
C:\git\DevOps\forks\pssg-cscp-cpu\Resources\Resources.csproj : warning NU1903: Package 'AutoMapper' 13.0.1 has a known high severity vulnerability, https://github.com/advisories/GHSA-rvv3-g6hj-g44x [C:\git\DevOps\forks\pssg-cscp-cpu\cpu-app\cpu-app.sln]
C:\git\DevOps\forks\pssg-cscp-cpu\Database\Database.csproj : warning NU1903: Package 'AutoMapper' 13.0.1 has a known high severity vulnerability, https://github.com/advisories/GHSA-rvv3-g6hj-g44x [C:\git\DevOps\forks\pssg-cscp-cpu\cpu-app\cpu-app.sln]
C:\git\DevOps\forks\pssg-cscp-cpu\Shared.Database\Shared.Database.csproj : warning NU1903: Package 'AutoMapper' 13.0.1 has a known high severity vulnerability, https://github.com/advisories/GHSA-rvv3-g6hj-g44x [C:\git\DevOps\forks\pssg-cscp-cpu\cpu-app\cpu-app.sln]
C:\git\DevOps\forks\pssg-cscp-cpu\Tests\Tests.csproj : warning NU1701: Package 'iTextSharp 5.5.13.4' was restored using '.NETFramework,Version=v4.6.1, .NETFramework,Version=v4.6.2, .NETFramework,Version=v4.7, .NETFramework,Version=v4.7.1, .NETFramework,Version=v4.7.2, .NETFramework,Version=v4.8, .NETFramework,Version=v4.8.1' instead of the project target framework 'net8.0'. This package may not be fully compatible with your project. [C:\git\DevOps\forks\pssg-cscp-cpu\cpu-app\cpu-app.sln]
C:\git\DevOps\forks\pssg-cscp-cpu\cpu-app\cpu-app.csproj : warning NU1701: Package 'iTextSharp 5.5.13.4' was restored using '.NETFramework,Version=v4.6.1, .NETFramework,Version=v4.6.2, .NETFramework,Version=v4.7, .NETFramework,Version=v4.7.1, .NETFramework,Version=v4.7.2, .NETFramework,Version=v4.8, .NETFramework,Version=v4.8.1' instead of the project target framework 'net8.0'. This package may not be fully compatible with your project. [C:\git\DevOps\forks\pssg-cscp-cpu\cpu-app\cpu-app.sln]
C:\git\DevOps\forks\pssg-cscp-cpu\Tests\Tests.csproj : warning NU1701: Package 'Microsoft.IdentityModel 7.0.0' was restored using '.NETFramework,Version=v4.6.1, .NETFramework,Version=v4.6.2, .NETFramework,Version=v4.7, .NETFramework,Version=v4.7.1, .NETFramework,Version=v4.7.2, .NETFramework,Version=v4.8, .NETFramework,Version=v4.8.1' instead of the project target framework 'net8.0'. This package may not be fully compatible with your project. [C:\git\DevOps\forks\pssg-cscp-cpu\cpu-app\cpu-app.sln]
C:\git\DevOps\forks\pssg-cscp-cpu\cpu-app\cpu-app.csproj : warning NU1701: Package 'Microsoft.IdentityModel 7.0.0' was restored using '.NETFramework,Version=v4.6.1, .NETFramework,Version=v4.6.2, .NETFramework,Version=v4.7, .NETFramework,Version=v4.7.1, .NETFramework,Version=v4.7.2, .NETFramework,Version=v4.8, .NETFramework,Version=v4.8.1' instead of the project target framework 'net8.0'. This package may not be fully compatible with your project. [C:\git\DevOps\forks\pssg-cscp-cpu\cpu-app\cpu-app.sln]
  All projects are up-to-date for restore.
C:\git\DevOps\forks\pssg-cscp-cpu\Shared.Database\Shared.Database.csproj : warning NU1903: Package 'AutoMapper' 13.0.1 has a known high severity vulnerability, https://github.com/advisories/GHSA-rvv3-g6hj-g44x
C:\git\DevOps\forks\pssg-cscp-cpu\Database\Database.csproj : warning NU1903: Package 'AutoMapper' 13.0.1 has a known high severity vulnerability, https://github.com/advisories/GHSA-rvv3-g6hj-g44x
C:\git\DevOps\forks\pssg-cscp-cpu\Resources\Resources.csproj : warning NU1903: Package 'AutoMapper' 13.0.1 has a known high severity vulnerability, https://github.com/advisories/GHSA-rvv3-g6hj-g44x
C:\git\DevOps\forks\pssg-cscp-cpu\Tests\Tests.csproj : warning NU1701: Package 'iTextSharp 5.5.13.4' was restored using '.NETFramework,Version=v4.6.1, .NETFramework,Version=v4.6.2, .NETFramework,Version=v4.7, .NETFramework,Version=v4.7.1, .NETFramework,Version=v4.7.2, .NETFramework,Version=v4.8, .NETFramework,Version=v4.8.1' instead of the project target framework 'net8.0'. This package may not be fully compatible with your project.
C:\git\DevOps\forks\pssg-cscp-cpu\Tests\Tests.csproj : warning NU1701: Package 'Microsoft.IdentityModel 7.0.0' was restored using '.NETFramework,Version=v4.6.1, .NETFramework,Version=v4.6.2, .NETFramework,Version=v4.7, .NETFramework,Version=v4.7.1, .NETFramework,Version=v4.7.2, .NETFramework,Version=v4.8, .NETFramework,Version=v4.8.1' instead of the project target framework 'net8.0'. This package may not be fully compatible with your project.
  Shared.Contract -> C:\git\DevOps\forks\pssg-cscp-cpu\Shared.Contract\bin\Debug\net8.0\Shared.Contract.dll
  BCeID -> C:\git\DevOps\forks\pssg-cscp-cpu\cpu-interfaces\BCeID\bin\Debug\net8.0\BCeID.dll
  Manager.Contract -> C:\git\DevOps\forks\pssg-cscp-cpu\Manager.Contract\bin\Debug\net8.0\Manager.Contract.dll
C:\git\DevOps\forks\pssg-cscp-cpu\cpu-app\cpu-app.csproj : warning NU1701: Package 'iTextSharp 5.5.13.4' was restored using '.NETFramework,Version=v4.6.1, .NETFramework,Version=v4.6.2, .NETFramework,Version=v4.7, .NETFramework,Version=v4.7.1, .NETFramework,Version=v4.7.2, .NETFramework,Version=v4.8, .NETFramework,Version=v4.8.1' instead of the project target framework 'net8.0'. This package may not be fully compatible with your project.
C:\git\DevOps\forks\pssg-cscp-cpu\cpu-app\cpu-app.csproj : warning NU1701: Package 'Microsoft.IdentityModel 7.0.0' was restored using '.NETFramework,Version=v4.6.1, .NETFramework,Version=v4.6.2, .NETFramework,Version=v4.7, .NETFramework,Version=v4.7.1, .NETFramework,Version=v4.7.2, .NETFramework,Version=v4.8, .NETFramework,Version=v4.8.1' instead of the project target framework 'net8.0'. This package may not be fully compatible with your project.
  Shared.Database -> C:\git\DevOps\forks\pssg-cscp-cpu\Shared.Database\bin\Debug\net8.0\Shared.Database.dll
  Database -> C:\git\DevOps\forks\pssg-cscp-cpu\Database\bin\Debug\net8.0\Database.dll
  DynamicsAutorest -> C:\git\DevOps\forks\pssg-cscp-cpu\cpu-interfaces\Dynamics-Autorest\bin\Debug\net8.0\DynamicsAutorest.dll
  Resources -> C:\git\DevOps\forks\pssg-cscp-cpu\Resources\bin\Debug\net8.0\Resources.dll
  Manager -> C:\git\DevOps\forks\pssg-cscp-cpu\Manager\bin\Debug\net8.0\Manager.dll
C:\Program Files\dotnet\sdk\10.0.201\Sdks\Microsoft.NET.Sdk\targets\Microsoft.NET.Sdk.targets(308,5): warning NETSDK1206: Found version-specific or distribution-specific runtime identifier(s): debian-x64, fedora-x64, opensuse-x64, rhel-x64, win7-arm, win7-x64, win7-x86. Affected libraries: Libuv. In .NET 8.0 and higher, assets for version-specific and distribution-specific runtime identifiers will not be found by default. See https://aka.ms/dotnet/rid-usage for details. [C:\git\DevOps\forks\pssg-cscp-cpu\cpu-app\cpu-app.csproj]
  cpu-app -> C:\git\DevOps\forks\pssg-cscp-cpu\cpu-app\bin\Debug\net8.0\cpu-app.dll
C:\Users\VladB\.nuget\packages\microsoft.net.test.sdk\17.8.0\build\netcoreapp3.1\Microsoft.NET.Test.Sdk.Program.cs(4,41): warning CS7022: The entry point of the program is global code; ignoring 'AutoGeneratedProgram.Main(string[])' entry point. [C:\git\DevOps\forks\pssg-cscp-cpu\Tests\Tests.csproj]
C:\Program Files\dotnet\sdk\10.0.201\Sdks\Microsoft.NET.Sdk\targets\Microsoft.NET.Sdk.targets(308,5): warning NETSDK1206: Found version-specific or distribution-specific runtime identifier(s): debian-x64, fedora-x64, opensuse-x64, rhel-x64, win7-arm, win7-x64, win7-x86. Affected libraries: Libuv. In .NET 8.0 and higher, assets for version-specific and distribution-specific runtime identifiers will not be found by default. See https://aka.ms/dotnet/rid-usage for details. [C:\git\DevOps\forks\pssg-cscp-cpu\Tests\Tests.csproj]
  Tests -> C:\git\DevOps\forks\pssg-cscp-cpu\Tests\bin\Debug\net8.0\Tests.dll

Build succeeded.

C:\git\DevOps\forks\pssg-cscp-cpu\Resources\Resources.csproj : warning NU1903: Package 'AutoMapper' 13.0.1 has a known high severity vulnerability, https://github.com/advisories/GHSA-rvv3-g6hj-g44x [C:\git\DevOps\forks\pssg-cscp-cpu\cpu-app\cpu-app.sln]
C:\git\DevOps\forks\pssg-cscp-cpu\Database\Database.csproj : warning NU1903: Package 'AutoMapper' 13.0.1 has a known high severity vulnerability, https://github.com/advisories/GHSA-rvv3-g6hj-g44x [C:\git\DevOps\forks\pssg-cscp-cpu\cpu-app\cpu-app.sln]
C:\git\DevOps\forks\pssg-cscp-cpu\Shared.Database\Shared.Database.csproj : warning NU1903: Package 'AutoMapper' 13.0.1 has a known high severity vulnerability, https://github.com/advisories/GHSA-rvv3-g6hj-g44x [C:\git\DevOps\forks\pssg-cscp-cpu\cpu-app\cpu-app.sln]
C:\git\DevOps\forks\pssg-cscp-cpu\Tests\Tests.csproj : warning NU1701: Package 'iTextSharp 5.5.13.4' was restored using '.NETFramework,Version=v4.6.1, .NETFramework,Version=v4.6.2, .NETFramework,Version=v4.7, .NETFramework,Version=v4.7.1, .NETFramework,Version=v4.7.2, .NETFramework,Version=v4.8, .NETFramework,Version=v4.8.1' instead of the project target framework 'net8.0'. This package may not be fully compatible with your project. [C:\git\DevOps\forks\pssg-cscp-cpu\cpu-app\cpu-app.sln]
C:\git\DevOps\forks\pssg-cscp-cpu\cpu-app\cpu-app.csproj : warning NU1701: Package 'iTextSharp 5.5.13.4' was restored using '.NETFramework,Version=v4.6.1, .NETFramework,Version=v4.6.2, .NETFramework,Version=v4.7, .NETFramework,Version=v4.7.1, .NETFramework,Version=v4.7.2, .NETFramework,Version=v4.8, .NETFramework,Version=v4.8.1' instead of the project target framework 'net8.0'. This package may not be fully compatible with your project. [C:\git\DevOps\forks\pssg-cscp-cpu\cpu-app\cpu-app.sln]
C:\git\DevOps\forks\pssg-cscp-cpu\Tests\Tests.csproj : warning NU1701: Package 'Microsoft.IdentityModel 7.0.0' was restored using '.NETFramework,Version=v4.6.1, .NETFramework,Version=v4.6.2, .NETFramework,Version=v4.7, .NETFramework,Version=v4.7.1, .NETFramework,Version=v4.7.2, .NETFramework,Version=v4.8, .NETFramework,Version=v4.8.1' instead of the project target framework 'net8.0'. This package may not be fully compatible with your project. [C:\git\DevOps\forks\pssg-cscp-cpu\cpu-app\cpu-app.sln]
C:\git\DevOps\forks\pssg-cscp-cpu\cpu-app\cpu-app.csproj : warning NU1701: Package 'Microsoft.IdentityModel 7.0.0' was restored using '.NETFramework,Version=v4.6.1, .NETFramework,Version=v4.6.2, .NETFramework,Version=v4.7, .NETFramework,Version=v4.7.1, .NETFramework,Version=v4.7.2, .NETFramework,Version=v4.8, .NETFramework,Version=v4.8.1' instead of the project target framework 'net8.0'. This package may not be fully compatible with your project. [C:\git\DevOps\forks\pssg-cscp-cpu\cpu-app\cpu-app.sln]
C:\git\DevOps\forks\pssg-cscp-cpu\Shared.Database\Shared.Database.csproj : warning NU1903: Package 'AutoMapper' 13.0.1 has a known high severity vulnerability, https://github.com/advisories/GHSA-rvv3-g6hj-g44x
C:\git\DevOps\forks\pssg-cscp-cpu\Database\Database.csproj : warning NU1903: Package 'AutoMapper' 13.0.1 has a known high severity vulnerability, https://github.com/advisories/GHSA-rvv3-g6hj-g44x
C:\git\DevOps\forks\pssg-cscp-cpu\Resources\Resources.csproj : warning NU1903: Package 'AutoMapper' 13.0.1 has a known high severity vulnerability, https://github.com/advisories/GHSA-rvv3-g6hj-g44x
C:\git\DevOps\forks\pssg-cscp-cpu\Tests\Tests.csproj : warning NU1701: Package 'iTextSharp 5.5.13.4' was restored using '.NETFramework,Version=v4.6.1, .NETFramework,Version=v4.6.2, .NETFramework,Version=v4.7, .NETFramework,Version=v4.7.1, .NETFramework,Version=v4.7.2, .NETFramework,Version=v4.8, .NETFramework,Version=v4.8.1' instead of the project target framework 'net8.0'. This package may not be fully compatible with your project.
C:\git\DevOps\forks\pssg-cscp-cpu\Tests\Tests.csproj : warning NU1701: Package 'Microsoft.IdentityModel 7.0.0' was restored using '.NETFramework,Version=v4.6.1, .NETFramework,Version=v4.6.2, .NETFramework,Version=v4.7, .NETFramework,Version=v4.7.1, .NETFramework,Version=v4.7.2, .NETFramework,Version=v4.8, .NETFramework,Version=v4.8.1' instead of the project target framework 'net8.0'. This package may not be fully compatible with your project.
C:\git\DevOps\forks\pssg-cscp-cpu\cpu-app\cpu-app.csproj : warning NU1701: Package 'iTextSharp 5.5.13.4' was restored using '.NETFramework,Version=v4.6.1, .NETFramework,Version=v4.6.2, .NETFramework,Version=v4.7, .NETFramework,Version=v4.7.1, .NETFramework,Version=v4.7.2, .NETFramework,Version=v4.8, .NETFramework,Version=v4.8.1' instead of the project target framework 'net8.0'. This package may not be fully compatible with your project.
C:\git\DevOps\forks\pssg-cscp-cpu\cpu-app\cpu-app.csproj : warning NU1701: Package 'Microsoft.IdentityModel 7.0.0' was restored using '.NETFramework,Version=v4.6.1, .NETFramework,Version=v4.6.2, .NETFramework,Version=v4.7, .NETFramework,Version=v4.7.1, .NETFramework,Version=v4.7.2, .NETFramework,Version=v4.8, .NETFramework,Version=v4.8.1' instead of the project target framework 'net8.0'. This package may not be fully compatible with your project.
C:\Program Files\dotnet\sdk\10.0.201\Sdks\Microsoft.NET.Sdk\targets\Microsoft.NET.Sdk.targets(308,5): warning NETSDK1206: Found version-specific or distribution-specific runtime identifier(s): debian-x64, fedora-x64, opensuse-x64, rhel-x64, win7-arm, win7-x64, win7-x86. Affected libraries: Libuv. In .NET 8.0 and higher, assets for version-specific and distribution-specific runtime identifiers will not be found by default. See https://aka.ms/dotnet/rid-usage for details. [C:\git\DevOps\forks\pssg-cscp-cpu\cpu-app\cpu-app.csproj]
C:\Users\VladB\.nuget\packages\microsoft.net.test.sdk\17.8.0\build\netcoreapp3.1\Microsoft.NET.Test.Sdk.Program.cs(4,41): warning CS7022: The entry point of the program is global code; ignoring 'AutoGeneratedProgram.Main(string[])' entry point. [C:\git\DevOps\forks\pssg-cscp-cpu\Tests\Tests.csproj]
C:\Program Files\dotnet\sdk\10.0.201\Sdks\Microsoft.NET.Sdk\targets\Microsoft.NET.Sdk.targets(308,5): warning NETSDK1206: Found version-specific or distribution-specific runtime identifier(s): debian-x64, fedora-x64, opensuse-x64, rhel-x64, win7-arm, win7-x64, win7-x86. Affected libraries: Libuv. In .NET 8.0 and higher, assets for version-specific and distribution-specific runtime identifiers will not be found by default. See https://aka.ms/dotnet/rid-usage for details. [C:\git\DevOps\forks\pssg-cscp-cpu\Tests\Tests.csproj]
    17 Warning(s)
    0 Error(s)

Time Elapsed 00:00:13.13
